system          > 
system          > ConTeXt  ver: 2026.01.08 23:30 LMTX  fmt: 2026.1.30  int: english/english
system          > 
system          > 'cont-new.mkxl' loaded
open source     > level 1, order 1, name '/Users/arhammahajan/lmtx/tex/texmf-context/tex/context/base/mkxl/cont-new.mkxl'
system          > beware: some patches loaded from cont-new.mkxl
close source    > level 1, order 1, name '/Users/arhammahajan/lmtx/tex/texmf-context/tex/context/base/mkxl/cont-new.mkxl'
system          > files > jobname './template', input './template.tex', result './template'
fonts           > latin modern fonts are not preloaded
languages       > language 'en' is active
open source     > level 1, order 2, name './template.tex'
open source     > level 2, order 3, name 'preamble.tex'
colors          > 'rgb' color space is supported
colors          > 'cmyk' color space is supported
close source    > level 2, order 3, name 'preamble.tex'
pages           > flushing realpage 1, userpage 1, subpage 1
structure       > sectioning > section @ level 3 : 0.0.1 -> Introduction
structure       > sectioning > subsection @ level 4 : 0.0.1.1 -> *
structure       > sectioning > section @ level 3 : 0.0.2 -> [Main Topic 1]
structure       > sectioning > subsection @ level 4 : 0.0.2.1 -> [Subtopic 1.1]
structure       > sectioning > subsection @ level 4 : 0.0.2.2 -> [Subtopic 1.2]
pages           > flushing realpage 2, userpage 1, subpage 2
metapost        > initializing instance 'metafun:1' using format 'metafun' and method 'double'
metapost        > loading 'metafun' as '/Users/arhammahajan/lmtx/tex/texmf-context/metapost/context/base/mpxl/metafun.mpxl' using method 'double'
metapost        > initializing number mode 'double'
metapost        > trace > This is MPLIB for LuaMetaTeX, version 3.15, running in double mode.
metapost        > trace > 
metapost        > trace > loading metafun for lmtx, including the plain 1.004 base definitions
metapost        > trace > 
pages           > flushing realpage 3, userpage 2, subpage 3
close source    > level 1, order 3, name './template.tex'
backend         > xmp > using file '/Users/arhammahajan/lmtx/tex/texmf-context/tex/context/base/mkiv/lpdf-pdx.xml'
system          > start used files
system          > text: template
system          > stop used files
system          > start used files
system          >    1: filename=publ-imp-default.lua filetype=lua foundname=/Users/arhammahajan/lmtx/tex/texmf-context/tex/context/base/mkiv/publ-imp-default.lua fullname=/Users/arhammahajan/lmtx/tex/texmf-context/tex/context/base/mkiv/publ-imp-default.lua usedmethod=database
system          >    2: filename=cont-new.mkxl filetype=tex foundname=/Users/arhammahajan/lmtx/tex/texmf-context/tex/context/base/mkxl/cont-new.mkxl fullname=/Users/arhammahajan/lmtx/tex/texmf-context/tex/context/base/mkxl/cont-new.mkxl usedmethod=database
system          >    3: filename=lang-exc.lua filetype=lua foundname=/Users/arhammahajan/lmtx/tex/texmf-context/tex/context/base/mkiv/lang-exc.lua fullname=/Users/arhammahajan/lmtx/tex/texmf-context/tex/context/base/mkiv/lang-exc.lua usedmethod=database
system          >    4: filename=lang-us.lua filetype=lua foundname=/Users/arhammahajan/lmtx/tex/texmf-context/tex/context/patterns/mkiv/lang-us.lua fullname=/Users/arhammahajan/lmtx/tex/texmf-context/tex/context/patterns/mkiv/lang-us.lua usedmethod=database
system          >    5: filename=/Users/arhammahajan/Developer/dotfiles/context-template/template.tex format=tex foundname=/Users/arhammahajan/Developer/dotfiles/context-template/template.tex fullname=/Users/arhammahajan/Developer/dotfiles/context-template/template.tex usedmethod=direct
system          >    6: filename=context-libraries.tma filetype=lua foundname=/Users/arhammahajan/lmtx/tex/texmf-context/tex/context/base/mkxl/context-libraries.tma fullname=/Users/arhammahajan/lmtx/tex/texmf-context/tex/context/base/mkxl/context-libraries.tma usedmethod=database
system          >    7: filename=lm.lfg filetype=tex foundname=/Users/arhammahajan/lmtx/tex/texmf-context/tex/context/fonts/mkiv/lm.lfg fullname=/Users/arhammahajan/lmtx/tex/texmf-context/tex/context/fonts/mkiv/lm.lfg usedmethod=database
system          >    8: filename=lmroman10-regular filetype=otf format=otf foundname=/Users/arhammahajan/lmtx/tex/texmf/fonts/data/gust/lm/lmroman10-regular.otf fullname=/Users/arhammahajan/lmtx/tex/texmf/fonts/data/gust/lm/lmroman10-regular.otf usedmethod=database
system          >    9: filename=modern-text.lfg filetype=tex foundname=/Users/arhammahajan/lmtx/tex/texmf-context/tex/context/fonts/mkiv/modern-text.lfg fullname=/Users/arhammahajan/lmtx/tex/texmf-context/tex/context/fonts/mkiv/modern-text.lfg usedmethod=database
system          >   10: filename=latinmodern-math.otf filetype=otf format=otf foundname=/Users/arhammahajan/lmtx/tex/texmf/fonts/data/gust/lm/latinmodern-math.otf fullname=/Users/arhammahajan/lmtx/tex/texmf/fonts/data/gust/lm/latinmodern-math.otf usedmethod=database
system          >   11: filename=modern-math.lfg filetype=tex foundname=/Users/arhammahajan/lmtx/tex/texmf-context/tex/context/fonts/mkiv/modern-math.lfg fullname=/Users/arhammahajan/lmtx/tex/texmf-context/tex/context/fonts/mkiv/modern-math.lfg usedmethod=database
system          >   12: filename=common-math.lfg filetype=tex foundname=/Users/arhammahajan/lmtx/tex/texmf-context/tex/context/fonts/mkiv/common-math.lfg fullname=/Users/arhammahajan/lmtx/tex/texmf-context/tex/context/fonts/mkiv/common-math.lfg usedmethod=database
system          >   13: filename=latinmodernmathcompanion-regular.otf filetype=otf format=otf foundname=/Users/arhammahajan/lmtx/tex/texmf/fonts/data/cms/companion/LatinModernMathCompanion-Regular.otf fullname=/Users/arhammahajan/lmtx/tex/texmf/fonts/data/cms/companion/LatinModernMathCompanion-Regular.otf usedmethod=database
system          >   14: filename=preamble.tex format=tex foundname=preamble.tex fullname=/Users/arhammahajan/Developer/dotfiles/context-template/preamble.tex usedmethod=direct
system          >   15: filename=lmroman10-bold filetype=otf format=otf foundname=/Users/arhammahajan/lmtx/tex/texmf/fonts/data/gust/lm/lmroman10-bold.otf fullname=/Users/arhammahajan/lmtx/tex/texmf/fonts/data/gust/lm/lmroman10-bold.otf usedmethod=database
system          >   16: filename=lmroman10-italic filetype=otf format=otf foundname=/Users/arhammahajan/lmtx/tex/texmf/fonts/data/gust/lm/lmroman10-italic.otf fullname=/Users/arhammahajan/lmtx/tex/texmf/fonts/data/gust/lm/lmroman10-italic.otf usedmethod=database
system          >   17: filename=metafun.mpxl filetype=mp foundname=/Users/arhammahajan/lmtx/tex/texmf-context/metapost/context/base/mpxl/metafun.mpxl fullname=/Users/arhammahajan/lmtx/tex/texmf-context/metapost/context/base/mpxl/metafun.mpxl usedmethod=database
system          >   18: filename=mp-base.mpxl filetype=mp foundname=/Users/arhammahajan/lmtx/tex/texmf-context/metapost/context/base/mpxl/mp-base.mpxl fullname=/Users/arhammahajan/lmtx/tex/texmf-context/metapost/context/base/mpxl/mp-base.mpxl usedmethod=database
system          >   19: filename=mp-tool.mpxl filetype=mp foundname=/Users/arhammahajan/lmtx/tex/texmf-context/metapost/context/base/mpxl/mp-tool.mpxl fullname=/Users/arhammahajan/lmtx/tex/texmf-context/metapost/context/base/mpxl/mp-tool.mpxl usedmethod=database
system          >   20: filename=mp-luas.mpxl filetype=mp foundname=/Users/arhammahajan/lmtx/tex/texmf-context/metapost/context/base/mpxl/mp-luas.mpxl fullname=/Users/arhammahajan/lmtx/tex/texmf-context/metapost/context/base/mpxl/mp-luas.mpxl usedmethod=database
system          >   21: filename=mp-mlib.mpxl filetype=mp foundname=/Users/arhammahajan/lmtx/tex/texmf-context/metapost/context/base/mpxl/mp-mlib.mpxl fullname=/Users/arhammahajan/lmtx/tex/texmf-context/metapost/context/base/mpxl/mp-mlib.mpxl usedmethod=database
system          >   22: filename=mp-math.mpxl filetype=mp foundname=/Users/arhammahajan/lmtx/tex/texmf-context/metapost/context/base/mpxl/mp-math.mpxl fullname=/Users/arhammahajan/lmtx/tex/texmf-context/metapost/context/base/mpxl/mp-math.mpxl usedmethod=database
system          >   23: filename=mp-cont.mpxl filetype=mp foundname=/Users/arhammahajan/lmtx/tex/texmf-context/metapost/context/base/mpxl/mp-cont.mpxl fullname=/Users/arhammahajan/lmtx/tex/texmf-context/metapost/context/base/mpxl/mp-cont.mpxl usedmethod=database
system          >   24: filename=mp-page.mpxl filetype=mp foundname=/Users/arhammahajan/lmtx/tex/texmf-context/metapost/context/base/mpxl/mp-page.mpxl fullname=/Users/arhammahajan/lmtx/tex/texmf-context/metapost/context/base/mpxl/mp-page.mpxl usedmethod=database
system          >   25: filename=mp-butt.mpxl filetype=mp foundname=/Users/arhammahajan/lmtx/tex/texmf-context/metapost/context/base/mpxl/mp-butt.mpxl fullname=/Users/arhammahajan/lmtx/tex/texmf-context/metapost/context/base/mpxl/mp-butt.mpxl usedmethod=database
system          >   26: filename=mp-shap.mpxl filetype=mp foundname=/Users/arhammahajan/lmtx/tex/texmf-context/metapost/context/base/mpxl/mp-shap.mpxl fullname=/Users/arhammahajan/lmtx/tex/texmf-context/metapost/context/base/mpxl/mp-shap.mpxl usedmethod=database
system          >   27: filename=mp-grph.mpxl filetype=mp foundname=/Users/arhammahajan/lmtx/tex/texmf-context/metapost/context/base/mpxl/mp-grph.mpxl fullname=/Users/arhammahajan/lmtx/tex/texmf-context/metapost/context/base/mpxl/mp-grph.mpxl usedmethod=database
system          >   28: filename=mp-grid.mpxl filetype=mp foundname=/Users/arhammahajan/lmtx/tex/texmf-context/metapost/context/base/mpxl/mp-grid.mpxl fullname=/Users/arhammahajan/lmtx/tex/texmf-context/metapost/context/base/mpxl/mp-grid.mpxl usedmethod=database
system          >   29: filename=mp-form.mpxl filetype=mp foundname=/Users/arhammahajan/lmtx/tex/texmf-context/metapost/context/base/mpxl/mp-form.mpxl fullname=/Users/arhammahajan/lmtx/tex/texmf-context/metapost/context/base/mpxl/mp-form.mpxl usedmethod=database
system          >   30: filename=mp-figs.mpxl filetype=mp foundname=/Users/arhammahajan/lmtx/tex/texmf-context/metapost/context/base/mpxl/mp-figs.mpxl fullname=/Users/arhammahajan/lmtx/tex/texmf-context/metapost/context/base/mpxl/mp-figs.mpxl usedmethod=database
system          >   31: filename=mp-func.mpxl filetype=mp foundname=/Users/arhammahajan/lmtx/tex/texmf-context/metapost/context/base/mpxl/mp-func.mpxl fullname=/Users/arhammahajan/lmtx/tex/texmf-context/metapost/context/base/mpxl/mp-func.mpxl usedmethod=database
system          >   32: filename=mp-node.mpxl filetype=mp foundname=/Users/arhammahajan/lmtx/tex/texmf-context/metapost/context/base/mpxl/mp-node.mpxl fullname=/Users/arhammahajan/lmtx/tex/texmf-context/metapost/context/base/mpxl/mp-node.mpxl usedmethod=database
system          >   33: filename=mp-apos.mpxl filetype=mp foundname=/Users/arhammahajan/lmtx/tex/texmf-context/metapost/context/base/mpxl/mp-apos.mpxl fullname=/Users/arhammahajan/lmtx/tex/texmf-context/metapost/context/base/mpxl/mp-apos.mpxl usedmethod=database
system          >   34: filename=mp-abck.mpxl filetype=mp foundname=/Users/arhammahajan/lmtx/tex/texmf-context/metapost/context/base/mpxl/mp-abck.mpxl fullname=/Users/arhammahajan/lmtx/tex/texmf-context/metapost/context/base/mpxl/mp-abck.mpxl usedmethod=database
system          >   35: filename=mp-asnc.mpxl filetype=mp foundname=/Users/arhammahajan/lmtx/tex/texmf-context/metapost/context/base/mpxl/mp-asnc.mpxl fullname=/Users/arhammahajan/lmtx/tex/texmf-context/metapost/context/base/mpxl/mp-asnc.mpxl usedmethod=database
system          >   36: filename=mp-blob.mpxl filetype=mp foundname=/Users/arhammahajan/lmtx/tex/texmf-context/metapost/context/base/mpxl/mp-blob.mpxl fullname=/Users/arhammahajan/lmtx/tex/texmf-context/metapost/context/base/mpxl/mp-blob.mpxl usedmethod=database
system          >   37: filename=mp-lmtx.mpxl filetype=mp foundname=/Users/arhammahajan/lmtx/tex/texmf-context/metapost/context/base/mpxl/mp-lmtx.mpxl fullname=/Users/arhammahajan/lmtx/tex/texmf-context/metapost/context/base/mpxl/mp-lmtx.mpxl usedmethod=database
system          >   38: filename=mp-text.mpxl filetype=mp foundname=/Users/arhammahajan/lmtx/tex/texmf-context/metapost/context/base/mpxl/mp-text.mpxl fullname=/Users/arhammahajan/lmtx/tex/texmf-context/metapost/context/base/mpxl/mp-text.mpxl usedmethod=database
system          >   39: filename=lpdf-pdx.xml filetype=tex foundname=/Users/arhammahajan/lmtx/tex/texmf-context/tex/context/base/mkiv/lpdf-pdx.xml fullname=/Users/arhammahajan/lmtx/tex/texmf-context/tex/context/base/mkiv/lpdf-pdx.xml usedmethod=database
system          > stop used files
system          > start commandline options
system          >   currentrun="1"
system          >   fulljobname="./template.tex"
system          >   input="./template.tex"
system          >   kindofrun="1"
system          >   maxnofruns="9"
system          >   texmfbinpath="/Users/arhammahajan/lmtx/tex/texmf-osx-arm64/bin"
system          > stop commandline options
system          > start commandline files
system          >    1: ./template.tex
system          > stop commandline files
modules         > start used modules
modules         > stop used modules
system          > 
system          > status after finishing run
system          > 
system          >   ----------------------------------------------------------------------------------------------------------------------------------------------------------------------------------------------
system          >           string       pool       hash     lookup       node      token     buffer      input       file       nest  parameter       save       font   language       mark     insert        mvl
system          >   ----------------------------------------------------------------------------------------------------------------------------------------------------------------------------------------------
system          >   max    2097152  100000000    2097152    2097152  100000000   10000000  100000000     100000       2000      10000     100000     500000     100000      10000      10000        500        500
system          >   min     150000   10000000     150000     150000   10000000    2000000    1000000      10000        500       1000      20000     100000        250        250         50         25         10
system          >   set     500000   10000000     250000     250000   50000000   10000000   10000000     100000       2000      10000     100000     500000     100000        250        250        250         10
system          >   stp     100000    1000000     100000     100000    5000000    1000000    1000000      10000        250       1000      10000      10000        250        250         50         25         10
system          > 
system          >   mem     150000    1044627     150000              10000000    2000000    1000000      10000        500       1000      20000      10000        250        250         50         25         10
system          >   itm         16          1         16                     9          8          1         32         32        112          4         16          8          8         28         56        112
system          >   ext          0          0          0          0       1032          0          0          0          0          0          0          0    2592288         96          0          0          0
system          >   all    2400000    1044627    2400000          1   90001032   16000000    1000000     320000      16000     112000      80000     160000    2594288       2096       1400       1400       1120
system          > 
system          >   ini    2149882    1013029          0      52713          0     582049                                                                                       0                                 
system          >   ptr      54158                  8194      54141                577494          0          0          0          0          0          0          9          0         28         11          0
system          >   top      54159                495853     262146      24105     600316        221         35          5         12         39        341        250        250         50         25         10
system          >   ----------------------------------------------------------------------------------------------------------------------------------------------------------------------------------------------
system          > 
system          >   current input type    : initial
system          > 
system          >   approximate memory    : 119089211 (113 MB)
system          > 
system          >   expansion depth       : min: 10000, max: 1000000, set: 10000, top: 10
system          > 
system          >   luabytecode registers : 1032
system          >   luabytecode bytes     : 16528 (0 MB)
system          >   luastate bytes now    : 52131911 (49 MB)
system          >   luastate bytes max    : 52131911 (49 MB)
system          > 
system          >   file callbacks        : 261
system          >   saved callbacks       : 530
system          >   direct callbacks      : 3
system          >   function callbacks    : 1276
system          >   value callbacks       : 433
system          >   message callbacks     : 0
system          >   bytecode callbacks    : 638
system          > 
system          >   mp instances          : 1
system          >   mp estimated memory   : 0 (0 MB)
system          >   mp file callbacks     : 15388
system          >   mp text callbacks     : 0
system          >   mp script callbacks   : 424
system          >   mp log callbacks      : 20
system          > 
system          >   total callbacks       : 3141
system          >   mp total callbacks    : 15832
system          >   backend callbacks     : 0
system          > 
system          >   linebreak statistics  : context      calls     first    second     final  passonly   subpass
system          > 
system          >   linebreak statistics  : normal          51        51         0         7         0         0
system          >   linebreak statistics  : vbox            24        24         0         0         0         0
system          >   linebreak statistics  : vtop             5         5         0         0         0         0
system          > 
system          >   linebreak statistics  :                 80        80         0         7         0         0
system          > 
system          >   hyphenation state     : checked          91
system          >   hyphenation state     : hyphenated       59
system          >   hyphenation state     : lists            91
system          >   hyphenation state     : nothing          56
system          >   hyphenation state     : words            85
system          > 
mkxl run stats  > used config file: selfautoparent:/texmf/web2c/texmfcnf.lua
mkxl run stats  > used cache path: /Users/arhammahajan/lmtx/tex/texmf-cache/luametatex-cache/context/5fe67e0bfe781ce0dde776fb1556f32e
mkxl run stats  > resource resolver: loadtime 0.004 seconds, 0 scans with scantime 0.000 seconds, 0 shared scans, 39 found files, scanned paths: <none>
mkxl run stats  > stored bytecode data: 532 modules (0.145 sec), 106 tables (0.007 sec), 638 chunks (0.152 sec)
mkxl run stats  > traced context lua functions: maxstack: 1889, freed: 1, unreachable: 1888
mkxl run stats  > cleaned up reserved nodes: 81 nodes, 7 lists of 445
mkxl run stats  > node memory usage: 27 attribute, 9 attributelist, 10 fontspec, 1 glue, 135 gluespec, 1 kern, 661 mathspec, 2 penalty, 37 specification, 2 temp
mkxl run stats  > node list callback tasks: 17 unique task lists, 12 instances (re)created, 495 calls
mkxl run stats  > used backend: pdf
mkxl run stats  > randomizer: resumed with value 0.078614175119269381
mkxl run stats  > jobdata time: 0.002 seconds saving, 0.000 seconds loading
mkxl run stats  > callbacks: file: 261, saved: 530, direct: 3, function: 1276, value: 433, message: 0, bytecode: 638, late 0, total: 3141 (1047 per page)
mkxl run stats  > loaded patterns: en::1, load time: 0.000
mkxl run stats  > interactive elements: 0 references, 5 destinations
mkxl run stats  > loaded fonts: 5 files: latinmodernmathcompanion-regular.otf, latinmodern-math.otf, lmroman10-bold.otf, lmroman10-italic.otf, lmroman10-regular.otf
mkxl run stats  > font engine: otf 3.150, afm 1.541, tfm 1.000, 7 instances, 2 shared in backend, 2 common vectors, 0 common hashes, load time 0.064 seconds 
mkxl run stats  > metapost: 0.000 seconds, loading: 0.025, execution: 0.000, n: 3, average: 0.008, instances: 1, luacalls: 15832 (file: 15388, text: 0, script: 424, log: 20), memory: 0.000 M
mkxl run stats  > math tweaking time: 0.019 seconds, 6 math goodie tables
mkxl run stats  > font embedding time: 0.006 seconds, 4 fonts
mkxl run stats  > result saved in file: template.pdf, compresslevel 1, objectcompresslevel 3, 16 streams, 0 uncompressed, 15 compressed, 1 not compressed, threshold 40
mkxl run stats  > positions: 4 collected, 0 deltas, 0 shared partials, 0 partial entries
mkxl run stats  > used platform: osx-arm, type: unix, binary subtree: texmf-osx-arm64
mkxl run stats  > used engine: luametatex version: 2.11.08, functionality level: 20260107, format id: 727, memory mode: 1, compiler: clang
mkxl run stats  > tex properties: 495853 hash slots used of 2097152, 54141 control sequences, approximate memory usage: 113 MB
mkxl run stats  > lua properties: engine: lua 5.5, format 4, used memory: 52 MB, ctx: 49 MB, max: 49 MB, symbol mask: utf (τεχ)
mkxl run stats  > runtime: 0.322 seconds, 3 processed pages, 3 shipped pages, 9.318 pages/second
